#-----------------------------------------------------------
# Vivado v2024.1 (64-bit)
# SW Build 5076996 on Wed May 22 18:37:14 MDT 2024
# IP Build 5075265 on Wed May 22 21:45:21 MDT 2024
# SharedData Build 5076995 on Wed May 22 18:29:18 MDT 2024
# Start of session at: Thu Dec  4 23:48:25 2025
# Process ID: 24156
# Current directory: C:/Users/joshu/Desktop/Exercise 4/Updatedfile/part_4_buttons/Part_4 _without_Latches/Exe4/Exe4.runs/impl_1
# Command line: vivado.exe -log top.vdi -applog -product Vivado -messageDb vivado.pb -mode batch -source top.tcl -notrace
# Log file: C:/Users/joshu/Desktop/Exercise 4/Updatedfile/part_4_buttons/Part_4 _without_Latches/Exe4/Exe4.runs/impl_1/top.vdi
# Journal file: C:/Users/joshu/Desktop/Exercise 4/Updatedfile/part_4_buttons/Part_4 _without_Latches/Exe4/Exe4.runs/impl_1\vivado.jou
# Running On        :LAPTOP-TSMU9UUL
# Platform          :Windows Server 2016 or Windows 10
# Operating System  :26200
# Processor Detail  :11th Gen Intel(R) Core(TM) i7-1165G7 @ 2.80GHz
# CPU Frequency     :2803 MHz
# CPU Physical cores:4
# CPU Logical cores :8
# Host memory       :16856 MB
# Swap memory       :40802 MB
# Total Virtual     :57658 MB
# Available Virtual :29402 MB
#-----------------------------------------------------------
source top.tcl -notrace
